1687119962071 :1
1687119963082: 2
1687119964086: 3
1687119965093: 4
1687119966099: 5
1687119967108: 6
1687119968116: 7
1687119969124: 8
1687119970137: 9
1687119971149: 10
1687119972158: 11
1687119973159: 12
1687119974168: 13
1687119975173: 14
1687119976182: 15
1687119977197: 16
1687119978198: 17
1687119979204: 18
1687119980207: 19
1687119981213: 20
1687119982217: 21
1687119983221: 22
1687119984228: 23
1687119985242: 24
1687119986243: 25
1687119987256: 261687121034140 :1
1687121035154: 2
1687121036164: 3
1687121037167: 4
1687121038177: 5
1687121039178: 6
1687121040179: 7
1687121041181: 8
1687121042189: 9
1687121043204: 10
1687121044219: 11
1687121045224: 12
1687121046227: 13
1687121047236: 14